
> salepilot---pos-&-inventory-management@0.0.0 build
> vite build

[36mvite v6.3.5 [32mbuilding for production...[36m[39m
transforming...
[32mΓ£ô[39m 611 modules transformed.
rendering chunks...
node.exe : [33m[plugin vite:reporter] 
At line:1 char:1
+ & "C:\Program Files\nodejs/node.exe" 
"C:\Program Files\nodejs/node_mo ...
+ ~~~~~~~~~~~~~~~~~~~~~~~~~~~~~~~~~~~~~~~
~~~~~~~~~~~~~~~~~~~~~~~~~~~~~~
    + CategoryInfo          : NotSpecifi 
   ed: ([33m[plugin vite:reporter] :St  
  ring) [], RemoteException
    + FullyQualifiedErrorId : NativeComm 
   andError
 
(!) C:/Users/omen/Downloads/salepilot/sal
epilot-frontend/services/dbService.ts is 
dynamically imported by C:/Users/omen/Dow
nloads/salepilot/salepilot-frontend/pages
/InventoryPage.tsx but also statically 
imported by C:/Users/omen/Downloads/salep
ilot/salepilot-frontend/App.tsx, C:/Users
/omen/Downloads/salepilot/salepilot-front
end/pages/AllSalesPage.tsx, C:/Users/omen
/Downloads/salepilot/salepilot-frontend/s
ervices/api.ts, dynamic import will not 
move module into another chunk.
[39m
computing gzip size...
[2mdist/[22m[32massets/vite-DeUZP4HO.svg            [39m[1m[2m    0.21 kB[22m[1m[22m[2m Γöé gzip:   0.17 kB[22m
[33m
(!) Some chunks are larger than 500 kB 
after minification. Consider:
- Using dynamic import() to code-split 
the application
- Use 
build.rollupOptions.output.manualChunks 
to improve chunking: https://rollupjs.org
/configuration-options/#output-manualchun
ks
- Adjust chunk size limit for this 
warning via 
build.chunkSizeWarningLimit.[39m
[2mdist/[22m[32mindex.html                          [39m[1m[2m    2.38 kB[22m[1m[22m[2m Γöé gzip:   1.01 kB[22m
[2mdist/[22m[35massets/index-CzbQoC-2.css           [39m[1m[2m    3.32 kB[22m[1m[22m[2m Γöé gzip:   1.23 kB[22m
[2mdist/[22m[36massets/purify.es-C_uT9hQ1.js        [39m[1m[2m   21.98 kB[22m[1m[22m[2m Γöé gzip:   8.74 kB[22m
[2mdist/[22m[36massets/index.es-aX5OrXmy.js         [39m[1m[2m  159.28 kB[22m[1m[22m[2m Γöé gzip:  53.37 kB[22m
[2mdist/[22m[36massets/html2canvas.esm-CBrSDip1.js  [39m[1m[2m  202.30 kB[22m[1m[22m[2m Γöé gzip:  48.03 kB[22m
[2mdist/[22m[36massets/index-t852lXsL.js            [39m[1m[33m1,659.14 kB[39m[22m[2m Γöé gzip: 447.40 kB[22m
[32mΓ£ô built in 9.71s[39m
